// Jest Snapshot v1, https://goo.gl/fbAQLP

exports[`Postwoman test suite cli output 1`] = `
"? Which request to make ? (Use arrow keys)
  collection
  === folder1
‚ùØ     request1 
  === folder2
      request1 [15D[15C"
`;
